Archive member included to satisfy reference by file (symbol)

c:/program files (x86)/atollic/truestudio for stm32 9.3.0/armtools/bin/../lib/gcc/arm-atollic-eabi/6.3.1/../../../../arm-atollic-eabi/lib/armv7-m\libc_nano.a(lib_a-errno.o)
                              Src\syscalls.o (__errno)
c:/program files (x86)/atollic/truestudio for stm32 9.3.0/armtools/bin/../lib/gcc/arm-atollic-eabi/6.3.1/../../../../arm-atollic-eabi/lib/armv7-m\libc_nano.a(lib_a-impure.o)
                              c:/program files (x86)/atollic/truestudio for stm32 9.3.0/armtools/bin/../lib/gcc/arm-atollic-eabi/6.3.1/../../../../arm-atollic-eabi/lib/armv7-m\libc_nano.a(lib_a-errno.o) (_impure_ptr)
c:/program files (x86)/atollic/truestudio for stm32 9.3.0/armtools/bin/../lib/gcc/arm-atollic-eabi/6.3.1/../../../../arm-atollic-eabi/lib/armv7-m\libc_nano.a(lib_a-init.o)
                              startup\startup_stm32f103xb.o (__libc_init_array)
c:/program files (x86)/atollic/truestudio for stm32 9.3.0/armtools/bin/../lib/gcc/arm-atollic-eabi/6.3.1/../../../../arm-atollic-eabi/lib/armv7-m\libc_nano.a(lib_a-memset.o)
                              Drivers\STM32F1xx_HAL_Driver\Src\stm32f1xx_hal_rcc.o (memset)
c:/program files (x86)/atollic/truestudio for stm32 9.3.0/armtools/bin/../lib/gcc/arm-atollic-eabi/6.3.1/armv7-m\libgcc.a(_lshrdi3.o)
                              Drivers\STM32F1xx_HAL_Driver\Src\stm32f1xx_hal_flash.o (__aeabi_llsr)

Allocating common symbols
Common symbol       size              file

uwTick              0x4               Drivers\STM32F1xx_HAL_Driver\Src\stm32f1xx_hal.o
pFlash              0x20              Drivers\STM32F1xx_HAL_Driver\Src\stm32f1xx_hal_flash.o

Discarded input sections

 .text          0x00000000        0x0 c:/program files (x86)/atollic/truestudio for stm32 9.3.0/armtools/bin/../lib/gcc/arm-atollic-eabi/6.3.1/armv7-m/crti.o
 .data          0x00000000        0x0 c:/program files (x86)/atollic/truestudio for stm32 9.3.0/armtools/bin/../lib/gcc/arm-atollic-eabi/6.3.1/armv7-m/crti.o
 .bss           0x00000000        0x0 c:/program files (x86)/atollic/truestudio for stm32 9.3.0/armtools/bin/../lib/gcc/arm-atollic-eabi/6.3.1/armv7-m/crti.o
 .data          0x00000000        0x4 c:/program files (x86)/atollic/truestudio for stm32 9.3.0/armtools/bin/../lib/gcc/arm-atollic-eabi/6.3.1/armv7-m/crtbegin.o
 .text          0x00000000        0x0 Drivers\STM32F1xx_HAL_Driver\Src\stm32f1xx_hal.o
 .data          0x00000000        0x0 Drivers\STM32F1xx_HAL_Driver\Src\stm32f1xx_hal.o
 .bss           0x00000000        0x0 Drivers\STM32F1xx_HAL_Driver\Src\stm32f1xx_hal.o
 .text.HAL_MspInit
                0x00000000        0x2 Drivers\STM32F1xx_HAL_Driver\Src\stm32f1xx_hal.o
 .text.HAL_MspDeInit
                0x00000000        0x2 Drivers\STM32F1xx_HAL_Driver\Src\stm32f1xx_hal.o
 .text.HAL_DeInit
                0x00000000       0x20 Drivers\STM32F1xx_HAL_Driver\Src\stm32f1xx_hal.o
 .text.HAL_GetTickPrio
                0x00000000        0xc Drivers\STM32F1xx_HAL_Driver\Src\stm32f1xx_hal.o
 .text.HAL_SetTickFreq
                0x00000000       0x28 Drivers\STM32F1xx_HAL_Driver\Src\stm32f1xx_hal.o
 .text.HAL_GetTickFreq
                0x00000000        0xc Drivers\STM32F1xx_HAL_Driver\Src\stm32f1xx_hal.o
 .text.HAL_Delay
                0x00000000       0x24 Drivers\STM32F1xx_HAL_Driver\Src\stm32f1xx_hal.o
 .text.HAL_SuspendTick
                0x00000000       0x10 Drivers\STM32F1xx_HAL_Driver\Src\stm32f1xx_hal.o
 .text.HAL_ResumeTick
                0x00000000       0x10 Drivers\STM32F1xx_HAL_Driver\Src\stm32f1xx_hal.o
 .text.HAL_GetHalVersion
                0x00000000        0x8 Drivers\STM32F1xx_HAL_Driver\Src\stm32f1xx_hal.o
 .text.HAL_GetREVID
                0x00000000        0xc Drivers\STM32F1xx_HAL_Driver\Src\stm32f1xx_hal.o
 .text.HAL_GetDEVID
                0x00000000       0x10 Drivers\STM32F1xx_HAL_Driver\Src\stm32f1xx_hal.o
 .text.HAL_GetUIDw0
                0x00000000        0xc Drivers\STM32F1xx_HAL_Driver\Src\stm32f1xx_hal.o
 .text.HAL_GetUIDw1
                0x00000000        0xc Drivers\STM32F1xx_HAL_Driver\Src\stm32f1xx_hal.o
 .text.HAL_GetUIDw2
                0x00000000        0xc Drivers\STM32F1xx_HAL_Driver\Src\stm32f1xx_hal.o
 .text.HAL_DBGMCU_EnableDBGSleepMode
                0x00000000       0x10 Drivers\STM32F1xx_HAL_Driver\Src\stm32f1xx_hal.o
 .text.HAL_DBGMCU_DisableDBGSleepMode
                0x00000000       0x10 Drivers\STM32F1xx_HAL_Driver\Src\stm32f1xx_hal.o
 .text.HAL_DBGMCU_EnableDBGStopMode
                0x00000000       0x10 Drivers\STM32F1xx_HAL_Driver\Src\stm32f1xx_hal.o
 .text.HAL_DBGMCU_DisableDBGStopMode
                0x00000000       0x10 Drivers\STM32F1xx_HAL_Driver\Src\stm32f1xx_hal.o
 .text.HAL_DBGMCU_EnableDBGStandbyMode
                0x00000000       0x10 Drivers\STM32F1xx_HAL_Driver\Src\stm32f1xx_hal.o
 .text.HAL_DBGMCU_DisableDBGStandbyMode
                0x00000000       0x10 Drivers\STM32F1xx_HAL_Driver\Src\stm32f1xx_hal.o
 .text          0x00000000        0x0 Drivers\STM32F1xx_HAL_Driver\Src\stm32f1xx_hal_cortex.o
 .data          0x00000000        0x0 Drivers\STM32F1xx_HAL_Driver\Src\stm32f1xx_hal_cortex.o
 .bss           0x00000000        0x0 Drivers\STM32F1xx_HAL_Driver\Src\stm32f1xx_hal_cortex.o
 .text.HAL_NVIC_EnableIRQ
                0x00000000       0x1c Drivers\STM32F1xx_HAL_Driver\Src\stm32f1xx_hal_cortex.o
 .text.HAL_NVIC_DisableIRQ
                0x00000000       0x28 Drivers\STM32F1xx_HAL_Driver\Src\stm32f1xx_hal_cortex.o
 .text.HAL_NVIC_SystemReset
                0x00000000       0x24 Drivers\STM32F1xx_HAL_Driver\Src\stm32f1xx_hal_cortex.o
 .text.HAL_NVIC_GetPriorityGrouping
                0x00000000       0x10 Drivers\STM32F1xx_HAL_Driver\Src\stm32f1xx_hal_cortex.o
 .text.HAL_NVIC_GetPriority
                0x00000000       0x5c Drivers\STM32F1xx_HAL_Driver\Src\stm32f1xx_hal_cortex.o
 .text.HAL_NVIC_SetPendingIRQ
                0x00000000       0x20 Drivers\STM32F1xx_HAL_Driver\Src\stm32f1xx_hal_cortex.o
 .text.HAL_NVIC_GetPendingIRQ
                0x00000000       0x24 Drivers\STM32F1xx_HAL_Driver\Src\stm32f1xx_hal_cortex.o
 .text.HAL_NVIC_ClearPendingIRQ
                0x00000000       0x20 Drivers\STM32F1xx_HAL_Driver\Src\stm32f1xx_hal_cortex.o
 .text.HAL_NVIC_GetActive
                0x00000000       0x24 Drivers\STM32F1xx_HAL_Driver\Src\stm32f1xx_hal_cortex.o
 .text.HAL_SYSTICK_CLKSourceConfig
                0x00000000       0x18 Drivers\STM32F1xx_HAL_Driver\Src\stm32f1xx_hal_cortex.o
 .text.HAL_SYSTICK_Callback
                0x00000000        0x2 Drivers\STM32F1xx_HAL_Driver\Src\stm32f1xx_hal_cortex.o
 .text.HAL_SYSTICK_IRQHandler
                0x00000000        0x8 Drivers\STM32F1xx_HAL_Driver\Src\stm32f1xx_hal_cortex.o
 .text          0x00000000        0x0 Drivers\STM32F1xx_HAL_Driver\Src\stm32f1xx_hal_dma.o
 .data          0x00000000        0x0 Drivers\STM32F1xx_HAL_Driver\Src\stm32f1xx_hal_dma.o
 .bss           0x00000000        0x0 Drivers\STM32F1xx_HAL_Driver\Src\stm32f1xx_hal_dma.o
 .text.HAL_DMA_Init
                0x00000000       0x60 Drivers\STM32F1xx_HAL_Driver\Src\stm32f1xx_hal_dma.o
 .text.HAL_DMA_DeInit
                0x00000000       0x54 Drivers\STM32F1xx_HAL_Driver\Src\stm32f1xx_hal_dma.o
 .text.HAL_DMA_Start
                0x00000000       0x5c Drivers\STM32F1xx_HAL_Driver\Src\stm32f1xx_hal_dma.o
 .text.HAL_DMA_Start_IT
                0x00000000       0x7a Drivers\STM32F1xx_HAL_Driver\Src\stm32f1xx_hal_dma.o
 .text.HAL_DMA_Abort
                0x00000000       0x42 Drivers\STM32F1xx_HAL_Driver\Src\stm32f1xx_hal_dma.o
 .text.HAL_DMA_Abort_IT
                0x00000000       0x90 Drivers\STM32F1xx_HAL_Driver\Src\stm32f1xx_hal_dma.o
 .text.HAL_DMA_PollForTransfer
                0x00000000      0x238 Drivers\STM32F1xx_HAL_Driver\Src\stm32f1xx_hal_dma.o
 .text.HAL_DMA_IRQHandler
                0x00000000      0x128 Drivers\STM32F1xx_HAL_Driver\Src\stm32f1xx_hal_dma.o
 .text.HAL_DMA_RegisterCallback
                0x00000000       0x46 Drivers\STM32F1xx_HAL_Driver\Src\stm32f1xx_hal_dma.o
 .text.HAL_DMA_UnRegisterCallback
                0x00000000       0x4e Drivers\STM32F1xx_HAL_Driver\Src\stm32f1xx_hal_dma.o
 .text.HAL_DMA_GetState
                0x00000000        0x6 Drivers\STM32F1xx_HAL_Driver\Src\stm32f1xx_hal_dma.o
 .text.HAL_DMA_GetError
                0x00000000        0x4 Drivers\STM32F1xx_HAL_Driver\Src\stm32f1xx_hal_dma.o
 .debug_info    0x00000000      0x837 Drivers\STM32F1xx_HAL_Driver\Src\stm32f1xx_hal_dma.o
 .debug_abbrev  0x00000000      0x22d Drivers\STM32F1xx_HAL_Driver\Src\stm32f1xx_hal_dma.o
 .debug_loc     0x00000000      0x5ed Drivers\STM32F1xx_HAL_Driver\Src\stm32f1xx_hal_dma.o
 .debug_aranges
                0x00000000       0x78 Drivers\STM32F1xx_HAL_Driver\Src\stm32f1xx_hal_dma.o
 .debug_ranges  0x00000000       0xa8 Drivers\STM32F1xx_HAL_Driver\Src\stm32f1xx_hal_dma.o
 .debug_line    0x00000000      0x5fb Drivers\STM32F1xx_HAL_Driver\Src\stm32f1xx_hal_dma.o
 .debug_str     0x00000000      0x6d0 Drivers\STM32F1xx_HAL_Driver\Src\stm32f1xx_hal_dma.o
 .comment       0x00000000       0x7d Drivers\STM32F1xx_HAL_Driver\Src\stm32f1xx_hal_dma.o
 .debug_frame   0x00000000      0x144 Drivers\STM32F1xx_HAL_Driver\Src\stm32f1xx_hal_dma.o
 .ARM.attributes
                0x00000000       0x33 Drivers\STM32F1xx_HAL_Driver\Src\stm32f1xx_hal_dma.o
 .text          0x00000000        0x0 Drivers\STM32F1xx_HAL_Driver\Src\stm32f1xx_hal_exti.o
 .data          0x00000000        0x0 Drivers\STM32F1xx_HAL_Driver\Src\stm32f1xx_hal_exti.o
 .bss           0x00000000        0x0 Drivers\STM32F1xx_HAL_Driver\Src\stm32f1xx_hal_exti.o
 .text.HAL_EXTI_SetConfigLine
                0x00000000       0x9c Drivers\STM32F1xx_HAL_Driver\Src\stm32f1xx_hal_exti.o
 .text.HAL_EXTI_GetConfigLine
                0x00000000       0x8c Drivers\STM32F1xx_HAL_Driver\Src\stm32f1xx_hal_exti.o
 .text.HAL_EXTI_ClearConfigLine
                0x00000000       0x68 Drivers\STM32F1xx_HAL_Driver\Src\stm32f1xx_hal_exti.o
 .text.HAL_EXTI_RegisterCallback
                0x00000000        0xc Drivers\STM32F1xx_HAL_Driver\Src\stm32f1xx_hal_exti.o
 .text.HAL_EXTI_GetHandle
                0x00000000        0xc Drivers\STM32F1xx_HAL_Driver\Src\stm32f1xx_hal_exti.o
 .text.HAL_EXTI_IRQHandler
                0x00000000       0x20 Drivers\STM32F1xx_HAL_Driver\Src\stm32f1xx_hal_exti.o
 .text.HAL_EXTI_GetPending
                0x00000000       0x1c Drivers\STM32F1xx_HAL_Driver\Src\stm32f1xx_hal_exti.o
 .text.HAL_EXTI_ClearPending
                0x00000000       0x14 Drivers\STM32F1xx_HAL_Driver\Src\stm32f1xx_hal_exti.o
 .text.HAL_EXTI_GenerateSWI
                0x00000000       0x14 Drivers\STM32F1xx_HAL_Driver\Src\stm32f1xx_hal_exti.o
 .debug_info    0x00000000      0x5db Drivers\STM32F1xx_HAL_Driver\Src\stm32f1xx_hal_exti.o
 .debug_abbrev  0x00000000      0x1e1 Drivers\STM32F1xx_HAL_Driver\Src\stm32f1xx_hal_exti.o
 .debug_loc     0x00000000      0x3d0 Drivers\STM32F1xx_HAL_Driver\Src\stm32f1xx_hal_exti.o
 .debug_aranges
                0x00000000       0x60 Drivers\STM32F1xx_HAL_Driver\Src\stm32f1xx_hal_exti.o
 .debug_ranges  0x00000000       0x50 Drivers\STM32F1xx_HAL_Driver\Src\stm32f1xx_hal_exti.o
 .debug_line    0x00000000      0x363 Drivers\STM32F1xx_HAL_Driver\Src\stm32f1xx_hal_exti.o
 .debug_str     0x00000000      0x4a9 Drivers\STM32F1xx_HAL_Driver\Src\stm32f1xx_hal_exti.o
 .comment       0x00000000       0x7d Drivers\STM32F1xx_HAL_Driver\Src\stm32f1xx_hal_exti.o
 .debug_frame   0x00000000       0xc0 Drivers\STM32F1xx_HAL_Driver\Src\stm32f1xx_hal_exti.o
 .ARM.attributes
                0x00000000       0x33 Drivers\STM32F1xx_HAL_Driver\Src\stm32f1xx_hal_exti.o
 .text          0x00000000        0x0 Drivers\STM32F1xx_HAL_Driver\Src\stm32f1xx_hal_flash.o
 .data          0x00000000        0x0 Drivers\STM32F1xx_HAL_Driver\Src\stm32f1xx_hal_flash.o
 .bss           0x00000000        0x0 Drivers\STM32F1xx_HAL_Driver\Src\stm32f1xx_hal_flash.o
 .text.FLASH_SetErrorCode
                0x00000000       0x50 Drivers\STM32F1xx_HAL_Driver\Src\stm32f1xx_hal_flash.o
 .text.HAL_FLASH_Program_IT
                0x00000000       0x5c Drivers\STM32F1xx_HAL_Driver\Src\stm32f1xx_hal_flash.o
 .text.HAL_FLASH_EndOfOperationCallback
                0x00000000        0x2 Drivers\STM32F1xx_HAL_Driver\Src\stm32f1xx_hal_flash.o
 .text.HAL_FLASH_OperationErrorCallback
                0x00000000        0x2 Drivers\STM32F1xx_HAL_Driver\Src\stm32f1xx_hal_flash.o
 .text.HAL_FLASH_IRQHandler
                0x00000000      0x114 Drivers\STM32F1xx_HAL_Driver\Src\stm32f1xx_hal_flash.o
 .text.HAL_FLASH_Unlock
                0x00000000       0x24 Drivers\STM32F1xx_HAL_Driver\Src\stm32f1xx_hal_flash.o
 .text.HAL_FLASH_Lock
                0x00000000       0x14 Drivers\STM32F1xx_HAL_Driver\Src\stm32f1xx_hal_flash.o
 .text.HAL_FLASH_OB_Unlock
                0x00000000       0x24 Drivers\STM32F1xx_HAL_Driver\Src\stm32f1xx_hal_flash.o
 .text.HAL_FLASH_OB_Lock
                0x00000000       0x14 Drivers\STM32F1xx_HAL_Driver\Src\stm32f1xx_hal_flash.o
 .text.HAL_FLASH_OB_Launch
                0x00000000        0x4 Drivers\STM32F1xx_HAL_Driver\Src\stm32f1xx_hal_flash.o
 .text.HAL_FLASH_GetError
                0x00000000        0xc Drivers\STM32F1xx_HAL_Driver\Src\stm32f1xx_hal_flash.o
 .text.FLASH_WaitForLastOperation
                0x00000000       0x54 Drivers\STM32F1xx_HAL_Driver\Src\stm32f1xx_hal_flash.o
 .text.HAL_FLASH_Program
                0x00000000       0x8c Drivers\STM32F1xx_HAL_Driver\Src\stm32f1xx_hal_flash.o
 .debug_info    0x00000000      0x6d9 Drivers\STM32F1xx_HAL_Driver\Src\stm32f1xx_hal_flash.o
 .debug_abbrev  0x00000000      0x2d3 Drivers\STM32F1xx_HAL_Driver\Src\stm32f1xx_hal_flash.o
 .debug_loc     0x00000000      0x334 Drivers\STM32F1xx_HAL_Driver\Src\stm32f1xx_hal_flash.o
 .debug_aranges
                0x00000000       0x78 Drivers\STM32F1xx_HAL_Driver\Src\stm32f1xx_hal_flash.o
 .debug_ranges  0x00000000       0xb8 Drivers\STM32F1xx_HAL_Driver\Src\stm32f1xx_hal_flash.o
 .debug_line    0x00000000      0x487 Drivers\STM32F1xx_HAL_Driver\Src\stm32f1xx_hal_flash.o
 .debug_str     0x00000000      0x5f0 Drivers\STM32F1xx_HAL_Driver\Src\stm32f1xx_hal_flash.o
 .comment       0x00000000       0x7d Drivers\STM32F1xx_HAL_Driver\Src\stm32f1xx_hal_flash.o
 .debug_frame   0x00000000      0x120 Drivers\STM32F1xx_HAL_Driver\Src\stm32f1xx_hal_flash.o
 .ARM.attributes
                0x00000000       0x33 Drivers\STM32F1xx_HAL_Driver\Src\stm32f1xx_hal_flash.o
 COMMON         0x00000000       0x20 Drivers\STM32F1xx_HAL_Driver\Src\stm32f1xx_hal_flash.o
 .text          0x00000000        0x0 Drivers\STM32F1xx_HAL_Driver\Src\stm32f1xx_hal_flash_ex.o
 .data          0x00000000        0x0 Drivers\STM32F1xx_HAL_Driver\Src\stm32f1xx_hal_flash_ex.o
 .bss           0x00000000        0x0 Drivers\STM32F1xx_HAL_Driver\Src\stm32f1xx_hal_flash_ex.o
 .text.FLASH_MassErase.isra.0
                0x00000000       0x24 Drivers\STM32F1xx_HAL_Driver\Src\stm32f1xx_hal_flash_ex.o
 .text.FLASH_OB_RDP_LevelConfig
                0x00000000       0x64 Drivers\STM32F1xx_HAL_Driver\Src\stm32f1xx_hal_flash_ex.o
 .text.HAL_FLASHEx_OBErase
                0x00000000       0x54 Drivers\STM32F1xx_HAL_Driver\Src\stm32f1xx_hal_flash_ex.o
 .text.HAL_FLASHEx_OBProgram
                0x00000000      0x1fc Drivers\STM32F1xx_HAL_Driver\Src\stm32f1xx_hal_flash_ex.o
 .text.HAL_FLASHEx_OBGetConfig
                0x00000000       0x28 Drivers\STM32F1xx_HAL_Driver\Src\stm32f1xx_hal_flash_ex.o
 .text.HAL_FLASHEx_OBGetUserData
                0x00000000       0x1c Drivers\STM32F1xx_HAL_Driver\Src\stm32f1xx_hal_flash_ex.o
 .text.FLASH_PageErase
                0x00000000       0x24 Drivers\STM32F1xx_HAL_Driver\Src\stm32f1xx_hal_flash_ex.o
 .text.HAL_FLASHEx_Erase
                0x00000000       0x9c Drivers\STM32F1xx_HAL_Driver\Src\stm32f1xx_hal_flash_ex.o
 .text.HAL_FLASHEx_Erase_IT
                0x00000000       0x50 Drivers\STM32F1xx_HAL_Driver\Src\stm32f1xx_hal_flash_ex.o
 .debug_info    0x00000000      0xb9a Drivers\STM32F1xx_HAL_Driver\Src\stm32f1xx_hal_flash_ex.o
 .debug_abbrev  0x00000000      0x2c3 Drivers\STM32F1xx_HAL_Driver\Src\stm32f1xx_hal_flash_ex.o
 .debug_loc     0x00000000      0x6d0 Drivers\STM32F1xx_HAL_Driver\Src\stm32f1xx_hal_flash_ex.o
 .debug_aranges
                0x00000000       0x60 Drivers\STM32F1xx_HAL_Driver\Src\stm32f1xx_hal_flash_ex.o
 .debug_ranges  0x00000000       0xe0 Drivers\STM32F1xx_HAL_Driver\Src\stm32f1xx_hal_flash_ex.o
 .debug_line    0x00000000      0x4ba Drivers\STM32F1xx_HAL_Driver\Src\stm32f1xx_hal_flash_ex.o
 .debug_str     0x00000000      0x706 Drivers\STM32F1xx_HAL_Driver\Src\stm32f1xx_hal_flash_ex.o
 .comment       0x00000000       0x7d Drivers\STM32F1xx_HAL_Driver\Src\stm32f1xx_hal_flash_ex.o
 .debug_frame   0x00000000       0xf0 Drivers\STM32F1xx_HAL_Driver\Src\stm32f1xx_hal_flash_ex.o
 .ARM.attributes
                0x00000000       0x33 Drivers\STM32F1xx_HAL_Driver\Src\stm32f1xx_hal_flash_ex.o
 .text          0x00000000        0x0 Drivers\STM32F1xx_HAL_Driver\Src\stm32f1xx_hal_gpio.o
 .data          0x00000000        0x0 Drivers\STM32F1xx_HAL_Driver\Src\stm32f1xx_hal_gpio.o
 .bss           0x00000000        0x0 Drivers\STM32F1xx_HAL_Driver\Src\stm32f1xx_hal_gpio.o
 .text.HAL_GPIO_DeInit
                0x00000000       0xdc Drivers\STM32F1xx_HAL_Driver\Src\stm32f1xx_hal_gpio.o
 .text.HAL_GPIO_ReadPin
                0x00000000        0xc Drivers\STM32F1xx_HAL_Driver\Src\stm32f1xx_hal_gpio.o
 .text.HAL_GPIO_TogglePin
                0x00000000        0xc Drivers\STM32F1xx_HAL_Driver\Src\stm32f1xx_hal_gpio.o
 .text.HAL_GPIO_LockPin
                0x00000000       0x2a Drivers\STM32F1xx_HAL_Driver\Src\stm32f1xx_hal_gpio.o
 .text.HAL_GPIO_EXTI_Callback
                0x00000000        0x2 Drivers\STM32F1xx_HAL_Driver\Src\stm32f1xx_hal_gpio.o
 .text.HAL_GPIO_EXTI_IRQHandler
                0x00000000       0x18 Drivers\STM32F1xx_HAL_Driver\Src\stm32f1xx_hal_gpio.o
 .text          0x00000000        0x0 Drivers\STM32F1xx_HAL_Driver\Src\stm32f1xx_hal_gpio_ex.o
 .data          0x00000000        0x0 Drivers\STM32F1xx_HAL_Driver\Src\stm32f1xx_hal_gpio_ex.o
 .bss           0x00000000        0x0 Drivers\STM32F1xx_HAL_Driver\Src\stm32f1xx_hal_gpio_ex.o
 .text.HAL_GPIOEx_ConfigEventout
                0x00000000       0x14 Drivers\STM32F1xx_HAL_Driver\Src\stm32f1xx_hal_gpio_ex.o
 .text.HAL_GPIOEx_EnableEventout
                0x00000000       0x10 Drivers\STM32F1xx_HAL_Driver\Src\stm32f1xx_hal_gpio_ex.o
 .text.HAL_GPIOEx_DisableEventout
                0x00000000       0x10 Drivers\STM32F1xx_HAL_Driver\Src\stm32f1xx_hal_gpio_ex.o
 .debug_info    0x00000000      0x224 Drivers\STM32F1xx_HAL_Driver\Src\stm32f1xx_hal_gpio_ex.o
 .debug_abbrev  0x00000000      0x108 Drivers\STM32F1xx_HAL_Driver\Src\stm32f1xx_hal_gpio_ex.o
 .debug_loc     0x00000000       0x21 Drivers\STM32F1xx_HAL_Driver\Src\stm32f1xx_hal_gpio_ex.o
 .debug_aranges
                0x00000000       0x30 Drivers\STM32F1xx_HAL_Driver\Src\stm32f1xx_hal_gpio_ex.o
 .debug_ranges  0x00000000       0x20 Drivers\STM32F1xx_HAL_Driver\Src\stm32f1xx_hal_gpio_ex.o
 .debug_line    0x00000000      0x226 Drivers\STM32F1xx_HAL_Driver\Src\stm32f1xx_hal_gpio_ex.o
 .debug_str     0x00000000      0x32a Drivers\STM32F1xx_HAL_Driver\Src\stm32f1xx_hal_gpio_ex.o
 .comment       0x00000000       0x7d Drivers\STM32F1xx_HAL_Driver\Src\stm32f1xx_hal_gpio_ex.o
 .debug_frame   0x00000000       0x40 Drivers\STM32F1xx_HAL_Driver\Src\stm32f1xx_hal_gpio_ex.o
 .ARM.attributes
                0x00000000       0x33 Drivers\STM32F1xx_HAL_Driver\Src\stm32f1xx_hal_gpio_ex.o
 .text          0x00000000        0x0 Drivers\STM32F1xx_HAL_Driver\Src\stm32f1xx_hal_pwr.o
 .data          0x00000000        0x0 Drivers\STM32F1xx_HAL_Driver\Src\stm32f1xx_hal_pwr.o
 .bss           0x00000000        0x0 Drivers\STM32F1xx_HAL_Driver\Src\stm32f1xx_hal_pwr.o
 .text.PWR_OverloadWfe
                0x00000000        0x6 Drivers\STM32F1xx_HAL_Driver\Src\stm32f1xx_hal_pwr.o
 .text.HAL_PWR_DeInit
                0x00000000       0x18 Drivers\STM32F1xx_HAL_Driver\Src\stm32f1xx_hal_pwr.o
 .text.HAL_PWR_EnableBkUpAccess
                0x00000000        0xc Drivers\STM32F1xx_HAL_Driver\Src\stm32f1xx_hal_pwr.o
 .text.HAL_PWR_DisableBkUpAccess
                0x00000000        0xc Drivers\STM32F1xx_HAL_Driver\Src\stm32f1xx_hal_pwr.o
 .text.HAL_PWR_ConfigPVD
                0x00000000       0x6c Drivers\STM32F1xx_HAL_Driver\Src\stm32f1xx_hal_pwr.o
 .text.HAL_PWR_EnablePVD
                0x00000000        0xc Drivers\STM32F1xx_HAL_Driver\Src\stm32f1xx_hal_pwr.o
 .text.HAL_PWR_DisablePVD
                0x00000000        0xc Drivers\STM32F1xx_HAL_Driver\Src\stm32f1xx_hal_pwr.o
 .text.HAL_PWR_EnableWakeUpPin
                0x00000000       0x18 Drivers\STM32F1xx_HAL_Driver\Src\stm32f1xx_hal_pwr.o
 .text.HAL_PWR_DisableWakeUpPin
                0x00000000       0x18 Drivers\STM32F1xx_HAL_Driver\Src\stm32f1xx_hal_pwr.o
 .text.HAL_PWR_EnterSLEEPMode
                0x00000000       0x20 Drivers\STM32F1xx_HAL_Driver\Src\stm32f1xx_hal_pwr.o
 .text.HAL_PWR_EnterSTOPMode
                0x00000000       0x48 Drivers\STM32F1xx_HAL_Driver\Src\stm32f1xx_hal_pwr.o
 .text.HAL_PWR_EnterSTANDBYMode
                0x00000000       0x20 Drivers\STM32F1xx_HAL_Driver\Src\stm32f1xx_hal_pwr.o
 .text.HAL_PWR_EnableSleepOnExit
                0x00000000       0x10 Drivers\STM32F1xx_HAL_Driver\Src\stm32f1xx_hal_pwr.o
 .text.HAL_PWR_DisableSleepOnExit
                0x00000000       0x10 Drivers\STM32F1xx_HAL_Driver\Src\stm32f1xx_hal_pwr.o
 .text.HAL_PWR_EnableSEVOnPend
                0x00000000       0x10 Drivers\STM32F1xx_HAL_Driver\Src\stm32f1xx_hal_pwr.o
 .text.HAL_PWR_DisableSEVOnPend
                0x00000000       0x10 Drivers\STM32F1xx_HAL_Driver\Src\stm32f1xx_hal_pwr.o
 .text.HAL_PWR_PVDCallback
                0x00000000        0x2 Drivers\STM32F1xx_HAL_Driver\Src\stm32f1xx_hal_pwr.o
 .text.HAL_PWR_PVD_IRQHandler
                0x00000000       0x1c Drivers\STM32F1xx_HAL_Driver\Src\stm32f1xx_hal_pwr.o
 .debug_info    0x00000000      0x6f4 Drivers\STM32F1xx_HAL_Driver\Src\stm32f1xx_hal_pwr.o
 .debug_abbrev  0x00000000      0x1d3 Drivers\STM32F1xx_HAL_Driver\Src\stm32f1xx_hal_pwr.o
 .debug_loc     0x00000000       0xaa Drivers\STM32F1xx_HAL_Driver\Src\stm32f1xx_hal_pwr.o
 .debug_aranges
                0x00000000       0xa8 Drivers\STM32F1xx_HAL_Driver\Src\stm32f1xx_hal_pwr.o
 .debug_ranges  0x00000000       0x98 Drivers\STM32F1xx_HAL_Driver\Src\stm32f1xx_hal_pwr.o
 .debug_line    0x00000000      0x39d Drivers\STM32F1xx_HAL_Driver\Src\stm32f1xx_hal_pwr.o
 .debug_str     0x00000000      0x55c Drivers\STM32F1xx_HAL_Driver\Src\stm32f1xx_hal_pwr.o
 .comment       0x00000000       0x7d Drivers\STM32F1xx_HAL_Driver\Src\stm32f1xx_hal_pwr.o
 .debug_frame   0x00000000      0x140 Drivers\STM32F1xx_HAL_Driver\Src\stm32f1xx_hal_pwr.o
 .ARM.attributes
                0x00000000       0x33 Drivers\STM32F1xx_HAL_Driver\Src\stm32f1xx_hal_pwr.o
 .text          0x00000000        0x0 Drivers\STM32F1xx_HAL_Driver\Src\stm32f1xx_hal_rcc.o
 .data          0x00000000        0x0 Drivers\STM32F1xx_HAL_Driver\Src\stm32f1xx_hal_rcc.o
 .bss           0x00000000        0x0 Drivers\STM32F1xx_HAL_Driver\Src\stm32f1xx_hal_rcc.o
 .text.HAL_RCC_DeInit
                0x00000000       0xd8 Drivers\STM32F1xx_HAL_Driver\Src\stm32f1xx_hal_rcc.o
 .text.HAL_RCC_MCOConfig
                0x00000000       0x50 Drivers\STM32F1xx_HAL_Driver\Src\stm32f1xx_hal_rcc.o
 .text.HAL_RCC_EnableCSS
                0x00000000        0xc Drivers\STM32F1xx_HAL_Driver\Src\stm32f1xx_hal_rcc.o
 .text.HAL_RCC_DisableCSS
                0x00000000        0xc Drivers\STM32F1xx_HAL_Driver\Src\stm32f1xx_hal_rcc.o
 .text.HAL_RCC_GetHCLKFreq
                0x00000000        0xc Drivers\STM32F1xx_HAL_Driver\Src\stm32f1xx_hal_rcc.o
 .text.HAL_RCC_GetPCLK1Freq
                0x00000000       0x20 Drivers\STM32F1xx_HAL_Driver\Src\stm32f1xx_hal_rcc.o
 .text.HAL_RCC_GetPCLK2Freq
                0x00000000       0x20 Drivers\STM32F1xx_HAL_Driver\Src\stm32f1xx_hal_rcc.o
 .text.HAL_RCC_GetOscConfig
                0x00000000       0x80 Drivers\STM32F1xx_HAL_Driver\Src\stm32f1xx_hal_rcc.o
 .text.HAL_RCC_GetClockConfig
                0x00000000       0x3c Drivers\STM32F1xx_HAL_Driver\Src\stm32f1xx_hal_rcc.o
 .text.HAL_RCC_CSSCallback
                0x00000000        0x2 Drivers\STM32F1xx_HAL_Driver\Src\stm32f1xx_hal_rcc.o
 .text.HAL_RCC_NMI_IRQHandler
                0x00000000       0x20 Drivers\STM32F1xx_HAL_Driver\Src\stm32f1xx_hal_rcc.o
 .text          0x00000000        0x0 Drivers\STM32F1xx_HAL_Driver\Src\stm32f1xx_hal_rcc_ex.o
 .data          0x00000000        0x0 Drivers\STM32F1xx_HAL_Driver\Src\stm32f1xx_hal_rcc_ex.o
 .bss           0x00000000        0x0 Drivers\STM32F1xx_HAL_Driver\Src\stm32f1xx_hal_rcc_ex.o
 .text.HAL_RCCEx_PeriphCLKConfig
                0x00000000       0xf0 Drivers\STM32F1xx_HAL_Driver\Src\stm32f1xx_hal_rcc_ex.o
 .text.HAL_RCCEx_GetPeriphCLKConfig
                0x00000000       0x24 Drivers\STM32F1xx_HAL_Driver\Src\stm32f1xx_hal_rcc_ex.o
 .text.HAL_RCCEx_GetPeriphCLKFreq
                0x00000000       0xec Drivers\STM32F1xx_HAL_Driver\Src\stm32f1xx_hal_rcc_ex.o
 .rodata        0x00000000       0x10 Drivers\STM32F1xx_HAL_Driver\Src\stm32f1xx_hal_rcc_ex.o
 .debug_info    0x00000000      0x48b Drivers\STM32F1xx_HAL_Driver\Src\stm32f1xx_hal_rcc_ex.o
 .debug_abbrev  0x00000000      0x1c4 Drivers\STM32F1xx_HAL_Driver\Src\stm32f1xx_hal_rcc_ex.o
 .debug_loc     0x00000000      0x29d Drivers\STM32F1xx_HAL_Driver\Src\stm32f1xx_hal_rcc_ex.o
 .debug_aranges
                0x00000000       0x30 Drivers\STM32F1xx_HAL_Driver\Src\stm32f1xx_hal_rcc_ex.o
 .debug_ranges  0x00000000       0x40 Drivers\STM32F1xx_HAL_Driver\Src\stm32f1xx_hal_rcc_ex.o
 .debug_line    0x00000000      0x336 Drivers\STM32F1xx_HAL_Driver\Src\stm32f1xx_hal_rcc_ex.o
 .debug_str     0x00000000      0x494 Drivers\STM32F1xx_HAL_Driver\Src\stm32f1xx_hal_rcc_ex.o
 .comment       0x00000000       0x7d Drivers\STM32F1xx_HAL_Driver\Src\stm32f1xx_hal_rcc_ex.o
 .debug_frame   0x00000000       0x6c Drivers\STM32F1xx_HAL_Driver\Src\stm32f1xx_hal_rcc_ex.o
 .ARM.attributes
                0x00000000       0x33 Drivers\STM32F1xx_HAL_Driver\Src\stm32f1xx_hal_rcc_ex.o
 .text          0x00000000        0x0 Drivers\STM32F1xx_HAL_Driver\Src\stm32f1xx_hal_tim.o
 .data          0x00000000        0x0 Drivers\STM32F1xx_HAL_Driver\Src\stm32f1xx_hal_tim.o
 .bss           0x00000000        0x0 Drivers\STM32F1xx_HAL_Driver\Src\stm32f1xx_hal_tim.o
 .debug_info    0x00000000      0x15b Drivers\STM32F1xx_HAL_Driver\Src\stm32f1xx_hal_tim.o
 .debug_abbrev  0x00000000       0x8d Drivers\STM32F1xx_HAL_Driver\Src\stm32f1xx_hal_tim.o
 .debug_aranges
                0x00000000       0x18 Drivers\STM32F1xx_HAL_Driver\Src\stm32f1xx_hal_tim.o
 .debug_line    0x00000000      0x1a3 Drivers\STM32F1xx_HAL_Driver\Src\stm32f1xx_hal_tim.o
 .debug_str     0x00000000      0x28a Drivers\STM32F1xx_HAL_Driver\Src\stm32f1xx_hal_tim.o
 .comment       0x00000000       0x7d Drivers\STM32F1xx_HAL_Driver\Src\stm32f1xx_hal_tim.o
 .ARM.attributes
                0x00000000       0x33 Drivers\STM32F1xx_HAL_Driver\Src\stm32f1xx_hal_tim.o
 .text          0x00000000        0x0 Drivers\STM32F1xx_HAL_Driver\Src\stm32f1xx_hal_tim_ex.o
 .data          0x00000000        0x0 Drivers\STM32F1xx_HAL_Driver\Src\stm32f1xx_hal_tim_ex.o
 .bss           0x00000000        0x0 Drivers\STM32F1xx_HAL_Driver\Src\stm32f1xx_hal_tim_ex.o
 .debug_info    0x00000000      0x15b Drivers\STM32F1xx_HAL_Driver\Src\stm32f1xx_hal_tim_ex.o
 .debug_abbrev  0x00000000       0x8d Drivers\STM32F1xx_HAL_Driver\Src\stm32f1xx_hal_tim_ex.o
 .debug_aranges
                0x00000000       0x18 Drivers\STM32F1xx_HAL_Driver\Src\stm32f1xx_hal_tim_ex.o
 .debug_line    0x00000000      0x1a3 Drivers\STM32F1xx_HAL_Driver\Src\stm32f1xx_hal_tim_ex.o
 .debug_str     0x00000000      0x28d Drivers\STM32F1xx_HAL_Driver\Src\stm32f1xx_hal_tim_ex.o
 .comment       0x00000000       0x7d Drivers\STM32F1xx_HAL_Driver\Src\stm32f1xx_hal_tim_ex.o
 .ARM.attributes
                0x00000000       0x33 Drivers\STM32F1xx_HAL_Driver\Src\stm32f1xx_hal_tim_ex.o
 .text          0x00000000        0x0 Src\main.o
 .data          0x00000000        0x0 Src\main.o
 .bss           0x00000000        0x0 Src\main.o
 .text.Error_Handler
                0x00000000        0x2 Src\main.o
 .text          0x00000000        0x0 Src\stm32f1xx_hal_msp.o
 .data          0x00000000        0x0 Src\stm32f1xx_hal_msp.o
 .bss           0x00000000        0x0 Src\stm32f1xx_hal_msp.o
 .text          0x00000000        0x0 Src\stm32f1xx_it.o
 .data          0x00000000        0x0 Src\stm32f1xx_it.o
 .bss           0x00000000        0x0 Src\stm32f1xx_it.o
 .text          0x00000000        0x0 Src\syscalls.o
 .data          0x00000000        0x0 Src\syscalls.o
 .bss           0x00000000        0x0 Src\syscalls.o
 .text.initialise_monitor_handles
                0x00000000        0x2 Src\syscalls.o
 .text._getpid  0x00000000        0x4 Src\syscalls.o
 .text._kill    0x00000000       0x10 Src\syscalls.o
 .text._exit    0x00000000        0xc Src\syscalls.o
 .text._read    0x00000000       0x1c Src\syscalls.o
 .text._write   0x00000000       0x1c Src\syscalls.o
 .text._sbrk    0x00000000       0x34 Src\syscalls.o
 .text._close   0x00000000        0x6 Src\syscalls.o
 .text._fstat   0x00000000        0xa Src\syscalls.o
 .text._isatty  0x00000000        0x4 Src\syscalls.o
 .text._lseek   0x00000000        0x4 Src\syscalls.o
 .text._open    0x00000000        0xa Src\syscalls.o
 .text._wait    0x00000000       0x10 Src\syscalls.o
 .text._unlink  0x00000000       0x10 Src\syscalls.o
 .text._times   0x00000000        0x6 Src\syscalls.o
 .text._stat    0x00000000        0xa Src\syscalls.o
 .text._link    0x00000000       0x10 Src\syscalls.o
 .text._fork    0x00000000       0x10 Src\syscalls.o
 .text._execve  0x00000000       0x10 Src\syscalls.o
 .bss.__env     0x00000000        0x4 Src\syscalls.o
 .bss.heap_end.5887
                0x00000000        0x4 Src\syscalls.o
 .data.environ  0x00000000        0x4 Src\syscalls.o
 .debug_info    0x00000000      0xfe1 Src\syscalls.o
 .debug_abbrev  0x00000000      0x2d9 Src\syscalls.o
 .debug_loc     0x00000000      0x3ef Src\syscalls.o
 .debug_aranges
                0x00000000       0xb0 Src\syscalls.o
 .debug_ranges  0x00000000       0xa0 Src\syscalls.o
 .debug_line    0x00000000      0x3c0 Src\syscalls.o
 .debug_str     0x00000000      0x84e Src\syscalls.o
 .comment       0x00000000       0x7d Src\syscalls.o
 .debug_frame   0x00000000      0x1a8 Src\syscalls.o
 .ARM.attributes
                0x00000000       0x33 Src\syscalls.o
 .text          0x00000000        0x0 Src\system_stm32f1xx.o
 .data          0x00000000        0x0 Src\system_stm32f1xx.o
 .bss           0x00000000        0x0 Src\system_stm32f1xx.o
 .text.SystemCoreClockUpdate
                0x00000000       0x5c Src\system_stm32f1xx.o
 .rodata.APBPrescTable
                0x00000000        0x8 Src\system_stm32f1xx.o
 .text          0x00000000       0x14 startup\startup_stm32f103xb.o
 .data          0x00000000        0x0 startup\startup_stm32f103xb.o
 .bss           0x00000000        0x0 startup\startup_stm32f103xb.o
 .text          0x00000000        0x0 c:/program files (x86)/atollic/truestudio for stm32 9.3.0/armtools/bin/../lib/gcc/arm-atollic-eabi/6.3.1/../../../../arm-atollic-eabi/lib/armv7-m\libc_nano.a(lib_a-errno.o)
 .data          0x00000000        0x0 c:/program files (x86)/atollic/truestudio for stm32 9.3.0/armtools/bin/../lib/gcc/arm-atollic-eabi/6.3.1/../../../../arm-atollic-eabi/lib/armv7-m\libc_nano.a(lib_a-errno.o)
 .bss           0x00000000        0x0 c:/program files (x86)/atollic/truestudio for stm32 9.3.0/armtools/bin/../lib/gcc/arm-atollic-eabi/6.3.1/../../../../arm-atollic-eabi/lib/armv7-m\libc_nano.a(lib_a-errno.o)
 .text.__errno  0x00000000        0xc c:/program files (x86)/atollic/truestudio for stm32 9.3.0/armtools/bin/../lib/gcc/arm-atollic-eabi/6.3.1/../../../../arm-atollic-eabi/lib/armv7-m\libc_nano.a(lib_a-errno.o)
 .debug_frame   0x00000000       0x20 c:/program files (x86)/atollic/truestudio for stm32 9.3.0/armtools/bin/../lib/gcc/arm-atollic-eabi/6.3.1/../../../../arm-atollic-eabi/lib/armv7-m\libc_nano.a(lib_a-errno.o)
 .ARM.attributes
                0x00000000       0x2d c:/program files (x86)/atollic/truestudio for stm32 9.3.0/armtools/bin/../lib/gcc/arm-atollic-eabi/6.3.1/../../../../arm-atollic-eabi/lib/armv7-m\libc_nano.a(lib_a-errno.o)
 .text          0x00000000        0x0 c:/program files (x86)/atollic/truestudio for stm32 9.3.0/armtools/bin/../lib/gcc/arm-atollic-eabi/6.3.1/../../../../arm-atollic-eabi/lib/armv7-m\libc_nano.a(lib_a-impure.o)
 .data          0x00000000        0x0 c:/program files (x86)/atollic/truestudio for stm32 9.3.0/armtools/bin/../lib/gcc/arm-atollic-eabi/6.3.1/../../../../arm-atollic-eabi/lib/armv7-m\libc_nano.a(lib_a-impure.o)
 .bss           0x00000000        0x0 c:/program files (x86)/atollic/truestudio for stm32 9.3.0/armtools/bin/../lib/gcc/arm-atollic-eabi/6.3.1/../../../../arm-atollic-eabi/lib/armv7-m\libc_nano.a(lib_a-impure.o)
 .data._impure_ptr
                0x00000000        0x4 c:/program files (x86)/atollic/truestudio for stm32 9.3.0/armtools/bin/../lib/gcc/arm-atollic-eabi/6.3.1/../../../../arm-atollic-eabi/lib/armv7-m\libc_nano.a(lib_a-impure.o)
 .data.impure_data
                0x00000000       0x60 c:/program files (x86)/atollic/truestudio for stm32 9.3.0/armtools/bin/../lib/gcc/arm-atollic-eabi/6.3.1/../../../../arm-atollic-eabi/lib/armv7-m\libc_nano.a(lib_a-impure.o)
 .rodata._global_impure_ptr
                0x00000000        0x4 c:/program files (x86)/atollic/truestudio for stm32 9.3.0/armtools/bin/../lib/gcc/arm-atollic-eabi/6.3.1/../../../../arm-atollic-eabi/lib/armv7-m\libc_nano.a(lib_a-impure.o)
 .ARM.attributes
                0x00000000       0x2d c:/program files (x86)/atollic/truestudio for stm32 9.3.0/armtools/bin/../lib/gcc/arm-atollic-eabi/6.3.1/../../../../arm-atollic-eabi/lib/armv7-m\libc_nano.a(lib_a-impure.o)
 .text          0x00000000        0x0 c:/program files (x86)/atollic/truestudio for stm32 9.3.0/armtools/bin/../lib/gcc/arm-atollic-eabi/6.3.1/../../../../arm-atollic-eabi/lib/armv7-m\libc_nano.a(lib_a-init.o)
 .data          0x00000000        0x0 c:/program files (x86)/atollic/truestudio for stm32 9.3.0/armtools/bin/../lib/gcc/arm-atollic-eabi/6.3.1/../../../../arm-atollic-eabi/lib/armv7-m\libc_nano.a(lib_a-init.o)
 .bss           0x00000000        0x0 c:/program files (x86)/atollic/truestudio for stm32 9.3.0/armtools/bin/../lib/gcc/arm-atollic-eabi/6.3.1/../../../../arm-atollic-eabi/lib/armv7-m\libc_nano.a(lib_a-init.o)
 .text          0x00000000        0x0 c:/program files (x86)/atollic/truestudio for stm32 9.3.0/armtools/bin/../lib/gcc/arm-atollic-eabi/6.3.1/../../../../arm-atollic-eabi/lib/armv7-m\libc_nano.a(lib_a-memset.o)
 .data          0x00000000        0x0 c:/program files (x86)/atollic/truestudio for stm32 9.3.0/armtools/bin/../lib/gcc/arm-atollic-eabi/6.3.1/../../../../arm-atollic-eabi/lib/armv7-m\libc_nano.a(lib_a-memset.o)
 .bss           0x00000000        0x0 c:/program files (x86)/atollic/truestudio for stm32 9.3.0/armtools/bin/../lib/gcc/arm-atollic-eabi/6.3.1/../../../../arm-atollic-eabi/lib/armv7-m\libc_nano.a(lib_a-memset.o)
 .text          0x00000000       0x18 c:/program files (x86)/atollic/truestudio for stm32 9.3.0/armtools/bin/../lib/gcc/arm-atollic-eabi/6.3.1/armv7-m\libgcc.a(_lshrdi3.o)
 .data          0x00000000        0x0 c:/program files (x86)/atollic/truestudio for stm32 9.3.0/armtools/bin/../lib/gcc/arm-atollic-eabi/6.3.1/armv7-m\libgcc.a(_lshrdi3.o)
 .bss           0x00000000        0x0 c:/program files (x86)/atollic/truestudio for stm32 9.3.0/armtools/bin/../lib/gcc/arm-atollic-eabi/6.3.1/armv7-m\libgcc.a(_lshrdi3.o)
 .ARM.attributes
                0x00000000       0x1d c:/program files (x86)/atollic/truestudio for stm32 9.3.0/armtools/bin/../lib/gcc/arm-atollic-eabi/6.3.1/armv7-m\libgcc.a(_lshrdi3.o)
 .text          0x00000000        0x0 c:/program files (x86)/atollic/truestudio for stm32 9.3.0/armtools/bin/../lib/gcc/arm-atollic-eabi/6.3.1/armv7-m/crtend.o
 .data          0x00000000        0x0 c:/program files (x86)/atollic/truestudio for stm32 9.3.0/armtools/bin/../lib/gcc/arm-atollic-eabi/6.3.1/armv7-m/crtend.o
 .bss           0x00000000        0x0 c:/program files (x86)/atollic/truestudio for stm32 9.3.0/armtools/bin/../lib/gcc/arm-atollic-eabi/6.3.1/armv7-m/crtend.o
 .eh_frame      0x00000000        0x4 c:/program files (x86)/atollic/truestudio for stm32 9.3.0/armtools/bin/../lib/gcc/arm-atollic-eabi/6.3.1/armv7-m/crtend.o
 .ARM.attributes
                0x00000000       0x2d c:/program files (x86)/atollic/truestudio for stm32 9.3.0/armtools/bin/../lib/gcc/arm-atollic-eabi/6.3.1/armv7-m/crtend.o
 .text          0x00000000        0x0 c:/program files (x86)/atollic/truestudio for stm32 9.3.0/armtools/bin/../lib/gcc/arm-atollic-eabi/6.3.1/armv7-m/crtn.o
 .data          0x00000000        0x0 c:/program files (x86)/atollic/truestudio for stm32 9.3.0/armtools/bin/../lib/gcc/arm-atollic-eabi/6.3.1/armv7-m/crtn.o
 .bss           0x00000000        0x0 c:/program files (x86)/atollic/truestudio for stm32 9.3.0/armtools/bin/../lib/gcc/arm-atollic-eabi/6.3.1/armv7-m/crtn.o

Memory Configuration

Name             Origin             Length             Attributes
RAM              0x20000000         0x00005000         xrw
FLASH            0x08000000         0x00010000         xr
*default*        0x00000000         0xffffffff

Linker script and memory map

LOAD c:/program files (x86)/atollic/truestudio for stm32 9.3.0/armtools/bin/../lib/gcc/arm-atollic-eabi/6.3.1/armv7-m/crti.o
LOAD c:/program files (x86)/atollic/truestudio for stm32 9.3.0/armtools/bin/../lib/gcc/arm-atollic-eabi/6.3.1/armv7-m/crtbegin.o
LOAD Drivers\STM32F1xx_HAL_Driver\Src\stm32f1xx_hal.o
LOAD Drivers\STM32F1xx_HAL_Driver\Src\stm32f1xx_hal_cortex.o
LOAD Drivers\STM32F1xx_HAL_Driver\Src\stm32f1xx_hal_dma.o
LOAD Drivers\STM32F1xx_HAL_Driver\Src\stm32f1xx_hal_exti.o
LOAD Drivers\STM32F1xx_HAL_Driver\Src\stm32f1xx_hal_flash.o
LOAD Drivers\STM32F1xx_HAL_Driver\Src\stm32f1xx_hal_flash_ex.o
LOAD Drivers\STM32F1xx_HAL_Driver\Src\stm32f1xx_hal_gpio.o
LOAD Drivers\STM32F1xx_HAL_Driver\Src\stm32f1xx_hal_gpio_ex.o
LOAD Drivers\STM32F1xx_HAL_Driver\Src\stm32f1xx_hal_pwr.o
LOAD Drivers\STM32F1xx_HAL_Driver\Src\stm32f1xx_hal_rcc.o
LOAD Drivers\STM32F1xx_HAL_Driver\Src\stm32f1xx_hal_rcc_ex.o
LOAD Drivers\STM32F1xx_HAL_Driver\Src\stm32f1xx_hal_tim.o
LOAD Drivers\STM32F1xx_HAL_Driver\Src\stm32f1xx_hal_tim_ex.o
LOAD Src\main.o
LOAD Src\stm32f1xx_hal_msp.o
LOAD Src\stm32f1xx_it.o
LOAD Src\syscalls.o
LOAD Src\system_stm32f1xx.o
LOAD startup\startup_stm32f103xb.o
                0x00000080                malloc_getpagesize_P = 0x80
START GROUP
LOAD c:/program files (x86)/atollic/truestudio for stm32 9.3.0/armtools/bin/../lib/gcc/arm-atollic-eabi/6.3.1/../../../../arm-atollic-eabi/lib/armv7-m\libc_nano.a
LOAD c:/program files (x86)/atollic/truestudio for stm32 9.3.0/armtools/bin/../lib/gcc/arm-atollic-eabi/6.3.1/../../../../arm-atollic-eabi/lib/armv7-m\libm.a
END GROUP
START GROUP
LOAD c:/program files (x86)/atollic/truestudio for stm32 9.3.0/armtools/bin/../lib/gcc/arm-atollic-eabi/6.3.1/armv7-m\libgcc.a
LOAD c:/program files (x86)/atollic/truestudio for stm32 9.3.0/armtools/bin/../lib/gcc/arm-atollic-eabi/6.3.1/../../../../arm-atollic-eabi/lib/armv7-m\libc_nano.a
END GROUP
START GROUP
LOAD c:/program files (x86)/atollic/truestudio for stm32 9.3.0/armtools/bin/../lib/gcc/arm-atollic-eabi/6.3.1/armv7-m\libgcc.a
LOAD c:/program files (x86)/atollic/truestudio for stm32 9.3.0/armtools/bin/../lib/gcc/arm-atollic-eabi/6.3.1/../../../../arm-atollic-eabi/lib/armv7-m\libc_nano.a
LOAD c:/program files (x86)/atollic/truestudio for stm32 9.3.0/armtools/bin/../lib/gcc/arm-atollic-eabi/6.3.1/../../../../arm-atollic-eabi/lib/armv7-m\libnosys.a
END GROUP
START GROUP
LOAD c:/program files (x86)/atollic/truestudio for stm32 9.3.0/armtools/bin/../lib/gcc/arm-atollic-eabi/6.3.1/armv7-m\libgcc.a
LOAD c:/program files (x86)/atollic/truestudio for stm32 9.3.0/armtools/bin/../lib/gcc/arm-atollic-eabi/6.3.1/../../../../arm-atollic-eabi/lib/armv7-m\libc_nano.a
LOAD c:/program files (x86)/atollic/truestudio for stm32 9.3.0/armtools/bin/../lib/gcc/arm-atollic-eabi/6.3.1/../../../../arm-atollic-eabi/lib/armv7-m\libnosys.a
END GROUP
LOAD c:/program files (x86)/atollic/truestudio for stm32 9.3.0/armtools/bin/../lib/gcc/arm-atollic-eabi/6.3.1/armv7-m/crtend.o
LOAD c:/program files (x86)/atollic/truestudio for stm32 9.3.0/armtools/bin/../lib/gcc/arm-atollic-eabi/6.3.1/armv7-m/crtn.o
                0x20005000                _estack = 0x20005000
                0x00000200                _Min_Heap_Size = 0x200
                0x00000400                _Min_Stack_Size = 0x400

.isr_vector     0x08000000      0x10c
                0x08000000                . = ALIGN (0x4)
 *(.isr_vector)
 .isr_vector    0x08000000      0x10c startup\startup_stm32f103xb.o
                0x08000000                g_pfnVectors
                0x0800010c                . = ALIGN (0x4)

.text           0x0800010c      0xa7c
                0x0800010c                . = ALIGN (0x4)
 *(.text)
 .text          0x0800010c       0x40 c:/program files (x86)/atollic/truestudio for stm32 9.3.0/armtools/bin/../lib/gcc/arm-atollic-eabi/6.3.1/armv7-m/crtbegin.o
 *(.text*)
 .text.HAL_InitTick
                0x0800014c       0x48 Drivers\STM32F1xx_HAL_Driver\Src\stm32f1xx_hal.o
                0x0800014c                HAL_InitTick
 .text.HAL_Init
                0x08000194       0x24 Drivers\STM32F1xx_HAL_Driver\Src\stm32f1xx_hal.o
                0x08000194                HAL_Init
 .text.HAL_IncTick
                0x080001b8       0x18 Drivers\STM32F1xx_HAL_Driver\Src\stm32f1xx_hal.o
                0x080001b8                HAL_IncTick
 .text.HAL_GetTick
                0x080001d0        0xc Drivers\STM32F1xx_HAL_Driver\Src\stm32f1xx_hal.o
                0x080001d0                HAL_GetTick
 .text.HAL_NVIC_SetPriorityGrouping
                0x080001dc       0x24 Drivers\STM32F1xx_HAL_Driver\Src\stm32f1xx_hal_cortex.o
                0x080001dc                HAL_NVIC_SetPriorityGrouping
 .text.HAL_NVIC_SetPriority
                0x08000200       0x68 Drivers\STM32F1xx_HAL_Driver\Src\stm32f1xx_hal_cortex.o
                0x08000200                HAL_NVIC_SetPriority
 .text.HAL_SYSTICK_Config
                0x08000268       0x2c Drivers\STM32F1xx_HAL_Driver\Src\stm32f1xx_hal_cortex.o
                0x08000268                HAL_SYSTICK_Config
 .text.HAL_GPIO_Init
                0x08000294      0x1c4 Drivers\STM32F1xx_HAL_Driver\Src\stm32f1xx_hal_gpio.o
                0x08000294                HAL_GPIO_Init
 .text.HAL_GPIO_WritePin
                0x08000458        0xa Drivers\STM32F1xx_HAL_Driver\Src\stm32f1xx_hal_gpio.o
                0x08000458                HAL_GPIO_WritePin
 *fill*         0x08000462        0x2 
 .text.HAL_RCC_OscConfig
                0x08000464      0x33c Drivers\STM32F1xx_HAL_Driver\Src\stm32f1xx_hal_rcc.o
                0x08000464                HAL_RCC_OscConfig
 .text.HAL_RCC_GetSysClockFreq
                0x080007a0       0x78 Drivers\STM32F1xx_HAL_Driver\Src\stm32f1xx_hal_rcc.o
                0x080007a0                HAL_RCC_GetSysClockFreq
 .text.HAL_RCC_ClockConfig
                0x08000818      0x13c Drivers\STM32F1xx_HAL_Driver\Src\stm32f1xx_hal_rcc.o
                0x08000818                HAL_RCC_ClockConfig
 .text.SystemClock_Config
                0x08000954       0x54 Src\main.o
                0x08000954                SystemClock_Config
 .text.startup.main
                0x080009a8       0x80 Src\main.o
                0x080009a8                main
 .text.HAL_MspInit
                0x08000a28       0x44 Src\stm32f1xx_hal_msp.o
                0x08000a28                HAL_MspInit
 .text.NMI_Handler
                0x08000a6c        0x2 Src\stm32f1xx_it.o
                0x08000a6c                NMI_Handler
 .text.HardFault_Handler
                0x08000a6e        0x2 Src\stm32f1xx_it.o
                0x08000a6e                HardFault_Handler
 .text.MemManage_Handler
                0x08000a70        0x2 Src\stm32f1xx_it.o
                0x08000a70                MemManage_Handler
 .text.BusFault_Handler
                0x08000a72        0x2 Src\stm32f1xx_it.o
                0x08000a72                BusFault_Handler
 .text.UsageFault_Handler
                0x08000a74        0x2 Src\stm32f1xx_it.o
                0x08000a74                UsageFault_Handler
 .text.SVC_Handler
                0x08000a76        0x2 Src\stm32f1xx_it.o
                0x08000a76                SVC_Handler
 .text.DebugMon_Handler
                0x08000a78        0x2 Src\stm32f1xx_it.o
                0x08000a78                DebugMon_Handler
 .text.PendSV_Handler
                0x08000a7a        0x2 Src\stm32f1xx_it.o
                0x08000a7a                PendSV_Handler
 .text.SysTick_Handler
                0x08000a7c        0x4 Src\stm32f1xx_it.o
                0x08000a7c                SysTick_Handler
 .text.SystemInit
                0x08000a80       0x4c Src\system_stm32f1xx.o
                0x08000a80                SystemInit
 .text.Reset_Handler
                0x08000acc       0x48 startup\startup_stm32f103xb.o
                0x08000acc                Reset_Handler
 .text.Default_Handler
                0x08000b14        0x2 startup\startup_stm32f103xb.o
                0x08000b14                RTC_Alarm_IRQHandler
                0x08000b14                EXTI2_IRQHandler
                0x08000b14                TIM1_CC_IRQHandler
                0x08000b14                PVD_IRQHandler
                0x08000b14                EXTI3_IRQHandler
                0x08000b14                EXTI0_IRQHandler
                0x08000b14                I2C2_EV_IRQHandler
                0x08000b14                ADC1_2_IRQHandler
                0x08000b14                SPI1_IRQHandler
                0x08000b14                TAMPER_IRQHandler
                0x08000b14                DMA1_Channel4_IRQHandler
                0x08000b14                USART3_IRQHandler
                0x08000b14                RTC_IRQHandler
                0x08000b14                DMA1_Channel7_IRQHandler
                0x08000b14                CAN1_RX1_IRQHandler
                0x08000b14                TIM4_IRQHandler
                0x08000b14                I2C1_EV_IRQHandler
                0x08000b14                DMA1_Channel6_IRQHandler
                0x08000b14                TIM3_IRQHandler
                0x08000b14                RCC_IRQHandler
                0x08000b14                TIM1_TRG_COM_IRQHandler
                0x08000b14                DMA1_Channel1_IRQHandler
                0x08000b14                Default_Handler
                0x08000b14                EXTI15_10_IRQHandler
                0x08000b14                EXTI9_5_IRQHandler
                0x08000b14                SPI2_IRQHandler
                0x08000b14                DMA1_Channel5_IRQHandler
                0x08000b14                EXTI4_IRQHandler
                0x08000b14                USB_LP_CAN1_RX0_IRQHandler
                0x08000b14                USB_HP_CAN1_TX_IRQHandler
                0x08000b14                DMA1_Channel3_IRQHandler
                0x08000b14                TIM1_UP_IRQHandler
                0x08000b14                WWDG_IRQHandler
                0x08000b14                TIM2_IRQHandler
                0x08000b14                TIM1_BRK_IRQHandler
                0x08000b14                EXTI1_IRQHandler
                0x08000b14                USART2_IRQHandler
                0x08000b14                I2C2_ER_IRQHandler
                0x08000b14                DMA1_Channel2_IRQHandler
                0x08000b14                CAN1_SCE_IRQHandler
                0x08000b14                FLASH_IRQHandler
                0x08000b14                USART1_IRQHandler
                0x08000b14                I2C1_ER_IRQHandler
                0x08000b14                USBWakeUp_IRQHandler
 *fill*         0x08000b16        0x2 
 .text.__libc_init_array
                0x08000b18       0x48 c:/program files (x86)/atollic/truestudio for stm32 9.3.0/armtools/bin/../lib/gcc/arm-atollic-eabi/6.3.1/../../../../arm-atollic-eabi/lib/armv7-m\libc_nano.a(lib_a-init.o)
                0x08000b18                __libc_init_array
 .text.memset   0x08000b60       0x10 c:/program files (x86)/atollic/truestudio for stm32 9.3.0/armtools/bin/../lib/gcc/arm-atollic-eabi/6.3.1/../../../../arm-atollic-eabi/lib/armv7-m\libc_nano.a(lib_a-memset.o)
                0x08000b60                memset
 *(.glue_7)
 .glue_7        0x08000b70        0x0 linker stubs
 *(.glue_7t)
 .glue_7t       0x08000b70        0x0 linker stubs
 *(.eh_frame)
 .eh_frame      0x08000b70        0x0 c:/program files (x86)/atollic/truestudio for stm32 9.3.0/armtools/bin/../lib/gcc/arm-atollic-eabi/6.3.1/armv7-m/crtbegin.o
 *(.init)
 .init          0x08000b70        0x4 c:/program files (x86)/atollic/truestudio for stm32 9.3.0/armtools/bin/../lib/gcc/arm-atollic-eabi/6.3.1/armv7-m/crti.o
                0x08000b70                _init
 .init          0x08000b74        0x8 c:/program files (x86)/atollic/truestudio for stm32 9.3.0/armtools/bin/../lib/gcc/arm-atollic-eabi/6.3.1/armv7-m/crtn.o
 *(.fini)
 .fini          0x08000b7c        0x4 c:/program files (x86)/atollic/truestudio for stm32 9.3.0/armtools/bin/../lib/gcc/arm-atollic-eabi/6.3.1/armv7-m/crti.o
                0x08000b7c                _fini
 .fini          0x08000b80        0x8 c:/program files (x86)/atollic/truestudio for stm32 9.3.0/armtools/bin/../lib/gcc/arm-atollic-eabi/6.3.1/armv7-m/crtn.o
                0x08000b88                . = ALIGN (0x4)
                0x08000b88                _etext = .

.vfp11_veneer   0x08000b88        0x0
 .vfp11_veneer  0x08000b88        0x0 linker stubs

.v4_bx          0x08000b88        0x0
 .v4_bx         0x08000b88        0x0 linker stubs

.iplt           0x08000b88        0x0
 .iplt          0x08000b88        0x0 c:/program files (x86)/atollic/truestudio for stm32 9.3.0/armtools/bin/../lib/gcc/arm-atollic-eabi/6.3.1/armv7-m/crtbegin.o

.rodata         0x08000b88       0x20
                0x08000b88                . = ALIGN (0x4)
 *(.rodata)
 .rodata        0x08000b88       0x10 Drivers\STM32F1xx_HAL_Driver\Src\stm32f1xx_hal_rcc.o
 *(.rodata*)
 .rodata.AHBPrescTable
                0x08000b98       0x10 Src\system_stm32f1xx.o
                0x08000b98                AHBPrescTable
                0x08000ba8                . = ALIGN (0x4)

.rel.dyn        0x08000ba8        0x0
 .rel.iplt      0x08000ba8        0x0 c:/program files (x86)/atollic/truestudio for stm32 9.3.0/armtools/bin/../lib/gcc/arm-atollic-eabi/6.3.1/armv7-m/crtbegin.o

.ARM.extab
 *(.ARM.extab* .gnu.linkonce.armextab.*)

.ARM            0x08000ba8        0x0
                0x08000ba8                __exidx_start = .
 *(.ARM.exidx*)
                0x08000ba8                __exidx_end = .

.preinit_array  0x08000ba8        0x0
                0x08000ba8                PROVIDE (__preinit_array_start, .)
 *(.preinit_array*)
                0x08000ba8                PROVIDE (__preinit_array_end, .)

.init_array     0x08000ba8        0x4
                0x08000ba8                PROVIDE (__init_array_start, .)
 *(SORT(.init_array.*))
 *(.init_array*)
 .init_array    0x08000ba8        0x4 c:/program files (x86)/atollic/truestudio for stm32 9.3.0/armtools/bin/../lib/gcc/arm-atollic-eabi/6.3.1/armv7-m/crtbegin.o
                0x08000bac                PROVIDE (__init_array_end, .)

.fini_array     0x08000bac        0x4
                [!provide]                PROVIDE (__fini_array_start, .)
 *(SORT(.fini_array.*))
 *(.fini_array*)
 .fini_array    0x08000bac        0x4 c:/program files (x86)/atollic/truestudio for stm32 9.3.0/armtools/bin/../lib/gcc/arm-atollic-eabi/6.3.1/armv7-m/crtbegin.o
                [!provide]                PROVIDE (__fini_array_end, .)
                0x08000bb0                _sidata = LOADADDR (.data)

.data           0x20000000        0xc load address 0x08000bb0
                0x20000000                . = ALIGN (0x4)
                0x20000000                _sdata = .
 *(.data)
 *(.data*)
 .data.uwTickFreq
                0x20000000        0x1 Drivers\STM32F1xx_HAL_Driver\Src\stm32f1xx_hal.o
                0x20000000                uwTickFreq
 *fill*         0x20000001        0x3 
 .data.uwTickPrio
                0x20000004        0x4 Drivers\STM32F1xx_HAL_Driver\Src\stm32f1xx_hal.o
                0x20000004                uwTickPrio
 .data.SystemCoreClock
                0x20000008        0x4 Src\system_stm32f1xx.o
                0x20000008                SystemCoreClock
                0x2000000c                . = ALIGN (0x4)
                0x2000000c                _edata = .

.igot.plt       0x2000000c        0x0 load address 0x08000bbc
 .igot.plt      0x2000000c        0x0 c:/program files (x86)/atollic/truestudio for stm32 9.3.0/armtools/bin/../lib/gcc/arm-atollic-eabi/6.3.1/armv7-m/crtbegin.o
                0x2000000c                . = ALIGN (0x4)

.bss            0x2000000c       0x20 load address 0x08000bbc
                0x2000000c                _sbss = .
                0x2000000c                __bss_start__ = _sbss
 *(.bss)
 .bss           0x2000000c       0x1c c:/program files (x86)/atollic/truestudio for stm32 9.3.0/armtools/bin/../lib/gcc/arm-atollic-eabi/6.3.1/armv7-m/crtbegin.o
 *(.bss*)
 *(COMMON)
 COMMON         0x20000028        0x4 Drivers\STM32F1xx_HAL_Driver\Src\stm32f1xx_hal.o
                0x20000028                uwTick
                0x2000002c                . = ALIGN (0x4)
                0x2000002c                _ebss = .
                0x2000002c                __bss_end__ = _ebss

._user_heap_stack
                0x2000002c      0x600 load address 0x08000bbc
                0x2000002c                . = ALIGN (0x4)
                0x2000002c                PROVIDE (end, .)
                [!provide]                PROVIDE (_end, .)
                0x2000022c                . = (. + _Min_Heap_Size)
 *fill*         0x2000002c      0x200 
                0x2000062c                . = (. + _Min_Stack_Size)
 *fill*         0x2000022c      0x400 
                0x2000062c                . = ALIGN (0x4)

/DISCARD/
 libc.a(*)
 libm.a(*)
 libgcc.a(*)

.ARM.attributes
                0x00000000       0x29
 *(.ARM.attributes)
 .ARM.attributes
                0x00000000       0x1d c:/program files (x86)/atollic/truestudio for stm32 9.3.0/armtools/bin/../lib/gcc/arm-atollic-eabi/6.3.1/armv7-m/crti.o
 .ARM.attributes
                0x0000001d       0x2d c:/program files (x86)/atollic/truestudio for stm32 9.3.0/armtools/bin/../lib/gcc/arm-atollic-eabi/6.3.1/armv7-m/crtbegin.o
 .ARM.attributes
                0x0000004a       0x33 Drivers\STM32F1xx_HAL_Driver\Src\stm32f1xx_hal.o
 .ARM.attributes
                0x0000007d       0x33 Drivers\STM32F1xx_HAL_Driver\Src\stm32f1xx_hal_cortex.o
 .ARM.attributes
                0x000000b0       0x33 Drivers\STM32F1xx_HAL_Driver\Src\stm32f1xx_hal_gpio.o
 .ARM.attributes
                0x000000e3       0x33 Drivers\STM32F1xx_HAL_Driver\Src\stm32f1xx_hal_rcc.o
 .ARM.attributes
                0x00000116       0x33 Src\main.o
 .ARM.attributes
                0x00000149       0x33 Src\stm32f1xx_hal_msp.o
 .ARM.attributes
                0x0000017c       0x33 Src\stm32f1xx_it.o
 .ARM.attributes
                0x000001af       0x33 Src\system_stm32f1xx.o
 .ARM.attributes
                0x000001e2       0x21 startup\startup_stm32f103xb.o
 .ARM.attributes
                0x00000203       0x2d c:/program files (x86)/atollic/truestudio for stm32 9.3.0/armtools/bin/../lib/gcc/arm-atollic-eabi/6.3.1/../../../../arm-atollic-eabi/lib/armv7-m\libc_nano.a(lib_a-init.o)
 .ARM.attributes
                0x00000230       0x2d c:/program files (x86)/atollic/truestudio for stm32 9.3.0/armtools/bin/../lib/gcc/arm-atollic-eabi/6.3.1/../../../../arm-atollic-eabi/lib/armv7-m\libc_nano.a(lib_a-memset.o)
 .ARM.attributes
                0x0000025d       0x1d c:/program files (x86)/atollic/truestudio for stm32 9.3.0/armtools/bin/../lib/gcc/arm-atollic-eabi/6.3.1/armv7-m/crtn.o
OUTPUT(mask.elf elf32-littlearm)

.debug_info     0x00000000     0x3493
 .debug_info    0x00000000      0x7cd Drivers\STM32F1xx_HAL_Driver\Src\stm32f1xx_hal.o
 .debug_info    0x000007cd      0xca7 Drivers\STM32F1xx_HAL_Driver\Src\stm32f1xx_hal_cortex.o
 .debug_info    0x00001474      0x691 Drivers\STM32F1xx_HAL_Driver\Src\stm32f1xx_hal_gpio.o
 .debug_info    0x00001b05      0xa01 Drivers\STM32F1xx_HAL_Driver\Src\stm32f1xx_hal_rcc.o
 .debug_info    0x00002506      0x629 Src\main.o
 .debug_info    0x00002b2f      0x2c0 Src\stm32f1xx_hal_msp.o
 .debug_info    0x00002def      0x1fe Src\stm32f1xx_it.o
 .debug_info    0x00002fed      0x437 Src\system_stm32f1xx.o
 .debug_info    0x00003424       0x6f startup\startup_stm32f103xb.o

.debug_abbrev   0x00000000      0xf53
 .debug_abbrev  0x00000000      0x24a Drivers\STM32F1xx_HAL_Driver\Src\stm32f1xx_hal.o
 .debug_abbrev  0x0000024a      0x2f8 Drivers\STM32F1xx_HAL_Driver\Src\stm32f1xx_hal_cortex.o
 .debug_abbrev  0x00000542      0x1e4 Drivers\STM32F1xx_HAL_Driver\Src\stm32f1xx_hal_gpio.o
 .debug_abbrev  0x00000726      0x2c1 Drivers\STM32F1xx_HAL_Driver\Src\stm32f1xx_hal_rcc.o
 .debug_abbrev  0x000009e7      0x219 Src\main.o
 .debug_abbrev  0x00000c00      0x100 Src\stm32f1xx_hal_msp.o
 .debug_abbrev  0x00000d00      0x112 Src\stm32f1xx_it.o
 .debug_abbrev  0x00000e12      0x12f Src\system_stm32f1xx.o
 .debug_abbrev  0x00000f41       0x12 startup\startup_stm32f103xb.o

.debug_loc      0x00000000      0xdcd
 .debug_loc     0x00000000      0x10c Drivers\STM32F1xx_HAL_Driver\Src\stm32f1xx_hal.o
 .debug_loc     0x0000010c      0x487 Drivers\STM32F1xx_HAL_Driver\Src\stm32f1xx_hal_cortex.o
 .debug_loc     0x00000593      0x2f5 Drivers\STM32F1xx_HAL_Driver\Src\stm32f1xx_hal_gpio.o
 .debug_loc     0x00000888      0x478 Drivers\STM32F1xx_HAL_Driver\Src\stm32f1xx_hal_rcc.o
 .debug_loc     0x00000d00       0xcd Src\system_stm32f1xx.o

.debug_aranges  0x00000000      0x330
 .debug_aranges
                0x00000000       0xd8 Drivers\STM32F1xx_HAL_Driver\Src\stm32f1xx_hal.o
 .debug_aranges
                0x000000d8       0x90 Drivers\STM32F1xx_HAL_Driver\Src\stm32f1xx_hal_cortex.o
 .debug_aranges
                0x00000168       0x58 Drivers\STM32F1xx_HAL_Driver\Src\stm32f1xx_hal_gpio.o
 .debug_aranges
                0x000001c0       0x88 Drivers\STM32F1xx_HAL_Driver\Src\stm32f1xx_hal_rcc.o
 .debug_aranges
                0x00000248       0x30 Src\main.o
 .debug_aranges
                0x00000278       0x20 Src\stm32f1xx_hal_msp.o
 .debug_aranges
                0x00000298       0x48 Src\stm32f1xx_it.o
 .debug_aranges
                0x000002e0       0x28 Src\system_stm32f1xx.o
 .debug_aranges
                0x00000308       0x28 startup\startup_stm32f103xb.o

.debug_ranges   0x00000000      0x410
 .debug_ranges  0x00000000       0xc8 Drivers\STM32F1xx_HAL_Driver\Src\stm32f1xx_hal.o
 .debug_ranges  0x000000c8      0x128 Drivers\STM32F1xx_HAL_Driver\Src\stm32f1xx_hal_cortex.o
 .debug_ranges  0x000001f0       0x60 Drivers\STM32F1xx_HAL_Driver\Src\stm32f1xx_hal_gpio.o
 .debug_ranges  0x00000250       0xa0 Drivers\STM32F1xx_HAL_Driver\Src\stm32f1xx_hal_rcc.o
 .debug_ranges  0x000002f0       0x58 Src\main.o
 .debug_ranges  0x00000348       0x58 Src\stm32f1xx_hal_msp.o
 .debug_ranges  0x000003a0       0x38 Src\stm32f1xx_it.o
 .debug_ranges  0x000003d8       0x18 Src\system_stm32f1xx.o
 .debug_ranges  0x000003f0       0x20 startup\startup_stm32f103xb.o

.debug_line     0x00000000     0x1a35
 .debug_line    0x00000000      0x3eb Drivers\STM32F1xx_HAL_Driver\Src\stm32f1xx_hal.o
 .debug_line    0x000003eb      0x3e6 Drivers\STM32F1xx_HAL_Driver\Src\stm32f1xx_hal_cortex.o
 .debug_line    0x000007d1      0x3ab Drivers\STM32F1xx_HAL_Driver\Src\stm32f1xx_hal_gpio.o
 .debug_line    0x00000b7c      0x582 Drivers\STM32F1xx_HAL_Driver\Src\stm32f1xx_hal_rcc.o
 .debug_line    0x000010fe      0x289 Src\main.o
 .debug_line    0x00001387      0x1ec Src\stm32f1xx_hal_msp.o
 .debug_line    0x00001573      0x21d Src\stm32f1xx_it.o
 .debug_line    0x00001790      0x228 Src\system_stm32f1xx.o
 .debug_line    0x000019b8       0x7d startup\startup_stm32f103xb.o

.debug_str      0x00000000     0x1220
 .debug_str     0x00000000      0x7fc Drivers\STM32F1xx_HAL_Driver\Src\stm32f1xx_hal.o
                                0x860 (size before relaxing)
 .debug_str     0x000007fc      0x3c5 Drivers\STM32F1xx_HAL_Driver\Src\stm32f1xx_hal_cortex.o
                                0x982 (size before relaxing)
 .debug_str     0x00000bc1      0x1cf Drivers\STM32F1xx_HAL_Driver\Src\stm32f1xx_hal_gpio.o
                                0x4d3 (size before relaxing)
 .debug_str     0x00000d90      0x331 Drivers\STM32F1xx_HAL_Driver\Src\stm32f1xx_hal_rcc.o
                                0x6bc (size before relaxing)
 .debug_str     0x000010c1       0x51 Src\main.o
                                0x4dd (size before relaxing)
 .debug_str     0x00001112       0x1b Src\stm32f1xx_hal_msp.o
                                0x2ed (size before relaxing)
 .debug_str     0x0000112d       0xa6 Src\stm32f1xx_it.o
                                0x304 (size before relaxing)
 .debug_str     0x000011d3       0x4d Src\system_stm32f1xx.o
                                0x342 (size before relaxing)

.comment        0x00000000       0x7c
 .comment       0x00000000       0x7c Drivers\STM32F1xx_HAL_Driver\Src\stm32f1xx_hal.o
                                 0x7d (size before relaxing)
 .comment       0x0000007c       0x7d Drivers\STM32F1xx_HAL_Driver\Src\stm32f1xx_hal_cortex.o
 .comment       0x0000007c       0x7d Drivers\STM32F1xx_HAL_Driver\Src\stm32f1xx_hal_gpio.o
 .comment       0x0000007c       0x7d Drivers\STM32F1xx_HAL_Driver\Src\stm32f1xx_hal_rcc.o
 .comment       0x0000007c       0x7d Src\main.o
 .comment       0x0000007c       0x7d Src\stm32f1xx_hal_msp.o
 .comment       0x0000007c       0x7d Src\stm32f1xx_it.o
 .comment       0x0000007c       0x7d Src\system_stm32f1xx.o

.debug_frame    0x00000000      0x6b4
 .debug_frame   0x00000000      0x1d4 Drivers\STM32F1xx_HAL_Driver\Src\stm32f1xx_hal.o
 .debug_frame   0x000001d4      0x120 Drivers\STM32F1xx_HAL_Driver\Src\stm32f1xx_hal_cortex.o
 .debug_frame   0x000002f4       0xd4 Drivers\STM32F1xx_HAL_Driver\Src\stm32f1xx_hal_gpio.o
 .debug_frame   0x000003c8      0x150 Drivers\STM32F1xx_HAL_Driver\Src\stm32f1xx_hal_rcc.o
 .debug_frame   0x00000518       0x58 Src\main.o
 .debug_frame   0x00000570       0x28 Src\stm32f1xx_hal_msp.o
 .debug_frame   0x00000598       0xa0 Src\stm32f1xx_it.o
 .debug_frame   0x00000638       0x30 Src\system_stm32f1xx.o
 .debug_frame   0x00000668       0x2c c:/program files (x86)/atollic/truestudio for stm32 9.3.0/armtools/bin/../lib/gcc/arm-atollic-eabi/6.3.1/../../../../arm-atollic-eabi/lib/armv7-m\libc_nano.a(lib_a-init.o)
 .debug_frame   0x00000694       0x20 c:/program files (x86)/atollic/truestudio for stm32 9.3.0/armtools/bin/../lib/gcc/arm-atollic-eabi/6.3.1/../../../../arm-atollic-eabi/lib/armv7-m\libc_nano.a(lib_a-memset.o)
